// Vitest Snapshot v1, https://vitest.dev/guide/snapshot.html

exports[`regexp > : CHANGELOG_REG 1`] = `
[
  [
    "- fix(A): a bug fix",
    "fix",
    "A",
    "a bug fix",
  ],
  [
    "- hotfix(A): a bug fix",
    "hotfix",
    "A",
    "a bug fix",
  ],
  [
    "- bug(A): a bug fix",
    "bug",
    "A",
    "a bug fix",
  ],
  [
    "- feat(B): a feature",
    "feat",
    "B",
    "a feature",
  ],
  [
    "- feature(B): a feature",
    "feature",
    "B",
    "a feature",
  ],
  [
    "- enhancement(B): a feature",
    "enhancement",
    "B",
    "a feature",
  ],
  [
    "- break(C): a major update",
    "break",
    "C",
    "a major update",
  ],
  [
    "- breaking(C): a major update",
    "breaking",
    "C",
    "a major update",
  ],
  [
    "- feat(D): a feature",
    "feat",
    "D",
    "a feature",
  ],
  [
    "- docs(): a doc change",
    "docs",
    "",
    "a doc change",
  ],
  [
    "- chore: a chore",
    "chore",
    undefined,
    "a chore",
  ],
  [
    "- break(g): a minor fix",
    "break",
    "g",
    "a minor fix",
  ],
  [
    "- break(H H): a major update",
    "break",
    "H H",
    "a major update",
  ],
]
`;

exports[`regexp > : PULL_NUMBER_REG 1`] = `
[
  [
    "in https://github.com/TDesignOteam/tdesign-changelog-action/pull/7",
    "7",
  ],
  [
    "in https://github.com/TDesignOteam/tdesign-changelog-action/pull/14",
    "14",
  ],
  [
    "in https://github.com/TDesignOteam/tdesign-changelog-action/pull/15",
    "15",
  ],
  [
    "in https://github.com/TDesignOteam/tdesign-changelog-action/pull/16",
    "16",
  ],
  [
    "in https://github.com/TDesignOteam/tdesign-changelog-action/pull/17",
    "17",
  ],
  [
    "in https://github.com/TDesignOteam/tdesign-changelog-action/pull/18",
    "18",
  ],
  [
    "in https://github.com/TDesignOteam/tdesign-changelog-action/pull/19",
    "19",
  ],
  [
    "in https://github.com/TDesignOteam/tdesign-changelog-action/pull/20",
    "20",
  ],
  [
    "in https://github.com/TDesignOteam/tdesign-changelog-action/pull/21",
    "21",
  ],
  [
    "in https://github.com/TDesignOteam/tdesign-changelog-action/pull/23",
    "23",
  ],
  [
    "in https://github.com/TDesignOteam/tdesign-changelog-action/pull/25",
    "25",
  ],
  [
    "in https://github.com/TDesignOteam/tdesign-changelog-action/pull/26",
    "26",
  ],
  [
    "in https://github.com/TDesignOteam/tdesign-changelog-action/pull/27",
    "27",
  ],
  [
    "in https://github.com/TDesignOteam/tdesign-changelog-action/pull/28",
    "28",
  ],
]
`;
