// Vitest Snapshot v1, https://vitest.dev/guide/snapshot.html

exports[`regexp > : CHANGELOG_REG 1`] = `
[
  [
    "- fix(A): a bug fix label in fix",
    "fix",
    "A",
    "a bug fix label in fix",
  ],
  [
    "- hotfix(A): a bug fix label in hotfix",
    "hotfix",
    "A",
    "a bug fix label in hotfix",
  ],
  [
    "- bug(A): a bug fix label in bug",
    "bug",
    "A",
    "a bug fix label in bug",
  ],
  [
    "- feat(B): a feature label in feat",
    "feat",
    "B",
    "a feature label in feat",
  ],
  [
    "- feature(B): a feature label in feature",
    "feature",
    "B",
    "a feature label in feature",
  ],
  [
    "- enhancement(B): a feature label in enhancement",
    "enhancement",
    "B",
    "a feature label in enhancement",
  ],
  [
    "- break(C): a major update label in break",
    "break",
    "C",
    "a major update label in break",
  ],
  [
    "- breaking(C): a major update label in breaking",
    "breaking",
    "C",
    "a major update label in breaking",
  ],
  [
    "- feat(D): a feature  label in feat",
    "feat",
    "D",
    "a feature  label in feat",
  ],
  [
    "- docs(): a doc change label in docs",
    "docs",
    "",
    "a doc change label in docs",
  ],
  [
    "- chore: a chore label in chore",
    "chore",
    undefined,
    "a chore label in chore",
  ],
  [
    "- break(g): a minor fix label in break",
    "break",
    "g",
    "a minor fix label in break",
  ],
  [
    "- break(H H): a major update label in break",
    "break",
    "H H",
    "a major update label in break",
  ],
  [
    "- refactor(I): a refactor label in refactor",
    "refactor",
    "I",
    "a refactor label in refactor",
  ],
  [
    "- test(J) : test label in test",
    "test",
    "J",
    "test label in test",
  ],
  [
    "- test : test label in test",
    "test",
    undefined,
    "test label in test",
  ],
]
`;

exports[`regexp > : PULL_NUMBER_REG 1`] = `
[
  [
    "in https://github.com/TDesignOteam/tdesign-changelog-action/pull/1",
    "1",
  ],
  [
    "in https://github.com/TDesignOteam/tdesign-changelog-action/pull/2",
    "2",
  ],
  [
    "in https://github.com/TDesignOteam/tdesign-changelog-action/pull/3",
    "3",
  ],
  [
    "in https://github.com/TDesignOteam/tdesign-changelog-action/pull/4",
    "4",
  ],
  [
    "in https://github.com/TDesignOteam/tdesign-changelog-action/pull/5",
    "5",
  ],
  [
    "in https://github.com/TDesignOteam/tdesign-changelog-action/pull/1",
    "1",
  ],
]
`;
