// Vitest Snapshot v1, https://vitest.dev/guide/snapshot.html

exports[`renderer > : changelogReg 1`] = `
[
  [
    "- fix(A): a bug fix",
    "fix",
    "A",
    "a bug fix",
  ],
  [
    "- hotfix(A): a bug fix",
    "hotfix",
    "A",
    "a bug fix",
  ],
  [
    "- bug(A): a bug fix",
    "bug",
    "A",
    "a bug fix",
  ],
  [
    "- feat(B): a feature",
    "feat",
    "B",
    "a feature",
  ],
  [
    "- feature(B): a feature",
    "feature",
    "B",
    "a feature",
  ],
  [
    "- enhancement(B): a feature",
    "enhancement",
    "B",
    "a feature",
  ],
  [
    "- break(C): a major update",
    "break",
    "C",
    "a major update",
  ],
  [
    "- breaking(C): a major update",
    "breaking",
    "C",
    "a major update",
  ],
  [
    "- feat(D): a feature",
    "feat",
    "D",
    "a feature",
  ],
  [
    "- docs(): a doc change",
    "docs",
    "",
    "a doc change",
  ],
  [
    "- chore: a chore",
    "chore",
    undefined,
    "a chore",
  ],
  [
    "- break(g): a minor fix",
    "break",
    "g",
    "a minor fix",
  ],
  [
    "- break(H H): a major update",
    "break",
    "H H",
    "a major update",
  ],
]
`;

exports[`renderer > : getPullNumber 1`] = `
[
  7,
  14,
  15,
  16,
  17,
  18,
  19,
  20,
  21,
  23,
  25,
  26,
  27,
  28,
]
`;
